// Vitest Snapshot v1, https://vitest.dev/guide/snapshot.html

exports[`UsernameDisplay > Should render username 1`] = `
<div>
  <div>
    <span />
  </div>
</div>
`;
